/home/rocky/ros_robotic_arm_ws/src/install/robotic_description/lib/python3.10/site-packages/robotic_description/__init__.py
/home/rocky/ros_robotic_arm_ws/src/install/robotic_description/lib/python3.10/site-packages/robotic_description/__pycache__/__init__.cpython-310.pyc
/home/rocky/ros_robotic_arm_ws/src/install/robotic_description/share/ament_index/resource_index/packages/robotic_description
/home/rocky/ros_robotic_arm_ws/src/install/robotic_description/share/robotic_description/package.xml
/home/rocky/ros_robotic_arm_ws/src/install/robotic_description/share/robotic_description/launch/gazebo.launch.py
/home/rocky/ros_robotic_arm_ws/src/install/robotic_description/share/robotic_description/launch/spawn.launch.py
/home/rocky/ros_robotic_arm_ws/src/install/robotic_description/share/robotic_description/launch/display.launch.py
/home/rocky/ros_robotic_arm_ws/src/install/robotic_description/share/robotic_description/urdf/robotic.trans
/home/rocky/ros_robotic_arm_ws/src/install/robotic_description/share/robotic_description/urdf/robotic.xacro
/home/rocky/ros_robotic_arm_ws/src/install/robotic_description/share/robotic_description/urdf/materials.xacro
/home/rocky/ros_robotic_arm_ws/src/install/robotic_description/share/robotic_description/urdf/robotic.gazebo
/home/rocky/ros_robotic_arm_ws/src/install/robotic_description/share/robotic_description/meshes/WRIST_ARM_v1_1.stl
/home/rocky/ros_robotic_arm_ws/src/install/robotic_description/share/robotic_description/meshes/LOWER_ARM_1.stl
/home/rocky/ros_robotic_arm_ws/src/install/robotic_description/share/robotic_description/meshes/finger_1_1.stl
/home/rocky/ros_robotic_arm_ws/src/install/robotic_description/share/robotic_description/meshes/SHOULDER_1.stl
/home/rocky/ros_robotic_arm_ws/src/install/robotic_description/share/robotic_description/meshes/WRIST_1.stl
/home/rocky/ros_robotic_arm_ws/src/install/robotic_description/share/robotic_description/meshes/UPPER_ARM_1.stl
/home/rocky/ros_robotic_arm_ws/src/install/robotic_description/share/robotic_description/meshes/finger_1_2.stl
/home/rocky/ros_robotic_arm_ws/src/install/robotic_description/share/robotic_description/meshes/base_link.stl
/home/rocky/ros_robotic_arm_ws/src/install/robotic_description/share/robotic_description/config/gazebo.rviz
/home/rocky/ros_robotic_arm_ws/src/install/robotic_description/share/robotic_description/config/display.rviz
/home/rocky/ros_robotic_arm_ws/src/install/robotic_description/share/robotic_description/config/ros_gz_bridge_gazebo.yaml
/home/rocky/ros_robotic_arm_ws/src/install/robotic_description/lib/python3.10/site-packages/robotic_description-0.0.0-py3.10.egg-info/zip-safe
/home/rocky/ros_robotic_arm_ws/src/install/robotic_description/lib/python3.10/site-packages/robotic_description-0.0.0-py3.10.egg-info/entry_points.txt
/home/rocky/ros_robotic_arm_ws/src/install/robotic_description/lib/python3.10/site-packages/robotic_description-0.0.0-py3.10.egg-info/PKG-INFO
/home/rocky/ros_robotic_arm_ws/src/install/robotic_description/lib/python3.10/site-packages/robotic_description-0.0.0-py3.10.egg-info/dependency_links.txt
/home/rocky/ros_robotic_arm_ws/src/install/robotic_description/lib/python3.10/site-packages/robotic_description-0.0.0-py3.10.egg-info/requires.txt
/home/rocky/ros_robotic_arm_ws/src/install/robotic_description/lib/python3.10/site-packages/robotic_description-0.0.0-py3.10.egg-info/SOURCES.txt
/home/rocky/ros_robotic_arm_ws/src/install/robotic_description/lib/python3.10/site-packages/robotic_description-0.0.0-py3.10.egg-info/top_level.txt
