-- The C compiler identification is GNU 11.4.0
-- The CXX compiler identification is GNU 11.4.0
-- Detecting C compiler ABI info
-- Detecting C compiler ABI info - done
-- Check for working C compiler: /usr/bin/cc - skipped
-- Detecting C compile features
-- Detecting C compile features - done
-- Detecting CXX compiler ABI info
-- Detecting CXX compiler ABI info - done
-- Check for working CXX compiler: /usr/bin/c++ - skipped
-- Detecting CXX compile features
-- Detecting CXX compile features - done
-- Configuring done
-- Generating done
-- Build files have been written to: /home/rocky/ros_robotic_arm_ws/src/build/com
[ 50%] [32mBuilding CXX object CMakeFiles/COMIntegration.dir/COMIntegration.cpp.o[0m
[01m[K/home/rocky/ros_robotic_arm_ws/src/unity/DigitalTwinRobot/Library/PackageCache/com.unity.ide.visualstudio@a99d56dec63f/Editor/COMIntegration/COMIntegration~/COMIntegration.cpp:11:10:[m[K [01;31m[Kfatal error: [m[Kwindows.h: No such file or directory
   11 | #include [01;31m[K<windows.h>[m[K
      |          [01;31m[K^~~~~~~~~~~[m[K
compilation terminated.
gmake[2]: *** [CMakeFiles/COMIntegration.dir/build.make:76: CMakeFiles/COMIntegration.dir/COMIntegration.cpp.o] Error 1
gmake[1]: *** [CMakeFiles/Makefile2:83: CMakeFiles/COMIntegration.dir/all] Error 2
gmake: *** [Makefile:91: all] Error 2
