[0.022s] Invoking command in '/home/rocky/ros_robotic_arm_ws/src/build/com': /usr/bin/cmake /home/rocky/ros_robotic_arm_ws/src/unity/DigitalTwinRobot/Library/PackageCache/com.unity.ide.visualstudio@a99d56dec63f/Editor/COMIntegration/COMIntegration~ -DCMAKE_INSTALL_PREFIX=/home/rocky/ros_robotic_arm_ws/src/install/com
[0.276s] -- The C compiler identification is GNU 11.4.0
[0.276s] -- The CXX compiler identification is GNU 11.4.0
[0.276s] -- Detecting C compiler ABI info
[0.276s] -- Detecting C compiler ABI info - done
[0.276s] -- Check for working C compiler: /usr/bin/cc - skipped
[0.276s] -- Detecting C compile features
[0.276s] -- Detecting C compile features - done
[0.276s] -- Detecting CXX compiler ABI info
[0.304s] -- Detecting CXX compiler ABI info - done
[0.312s] -- Check for working CXX compiler: /usr/bin/c++ - skipped
[0.312s] -- Detecting CXX compile features
[0.313s] -- Detecting CXX compile features - done
[0.313s] -- Configuring done
[0.316s] -- Generating done
[0.318s] -- Build files have been written to: /home/rocky/ros_robotic_arm_ws/src/build/com
[0.526s] Invoked command in '/home/rocky/ros_robotic_arm_ws/src/build/com' returned '0': /usr/bin/cmake /home/rocky/ros_robotic_arm_ws/src/unity/DigitalTwinRobot/Library/PackageCache/com.unity.ide.visualstudio@a99d56dec63f/Editor/COMIntegration/COMIntegration~ -DCMAKE_INSTALL_PREFIX=/home/rocky/ros_robotic_arm_ws/src/install/com
[0.527s] Invoking command in '/home/rocky/ros_robotic_arm_ws/src/build/com': /usr/bin/cmake --build /home/rocky/ros_robotic_arm_ws/src/build/com -- -j16 -l16
[0.586s] [ 50%] [32mBuilding CXX object CMakeFiles/COMIntegration.dir/COMIntegration.cpp.o[0m
[0.629s] [01m[K/home/rocky/ros_robotic_arm_ws/src/unity/DigitalTwinRobot/Library/PackageCache/com.unity.ide.visualstudio@a99d56dec63f/Editor/COMIntegration/COMIntegration~/COMIntegration.cpp:11:10:[m[K [01;31m[Kfatal error: [m[Kwindows.h: No such file or directory
[0.629s]    11 | #include [01;31m[K<windows.h>[m[K
[0.629s]       |          [01;31m[K^~~~~~~~~~~[m[K
[0.629s] compilation terminated.
[0.632s] gmake[2]: *** [CMakeFiles/COMIntegration.dir/build.make:76: CMakeFiles/COMIntegration.dir/COMIntegration.cpp.o] Error 1
[0.632s] gmake[1]: *** [CMakeFiles/Makefile2:83: CMakeFiles/COMIntegration.dir/all] Error 2
[0.632s] gmake: *** [Makefile:91: all] Error 2
[0.635s] Invoked command in '/home/rocky/ros_robotic_arm_ws/src/build/com' returned '2': /usr/bin/cmake --build /home/rocky/ros_robotic_arm_ws/src/build/com -- -j16 -l16
