[0.769s] Invoking command in '/home/rocky/ros_robotic_arm_ws/src/robotic_description': PYTHONPATH=/home/rocky/ros_robotic_arm_ws/src/build/robotic_description/prefix_override:/usr/lib/python3/dist-packages/colcon_core/task/python/colcon_distutils_commands:/home/rocky/ros_robotic_arm_ws/src/install/robotic_description/lib/python3.10/site-packages:${PYTHONPATH} /usr/bin/python3 -W ignore:setup.py install is deprecated -W ignore:easy_install command is deprecated setup.py egg_info --egg-base ../build/robotic_description build --build-base /home/rocky/ros_robotic_arm_ws/src/build/robotic_description/build install --record /home/rocky/ros_robotic_arm_ws/src/build/robotic_description/install.log --single-version-externally-managed install_data
[0.974s] running egg_info
[0.975s] creating ../build/robotic_description/robotic_description.egg-info
[0.975s] writing ../build/robotic_description/robotic_description.egg-info/PKG-INFO
[0.975s] writing dependency_links to ../build/robotic_description/robotic_description.egg-info/dependency_links.txt
[0.975s] writing entry points to ../build/robotic_description/robotic_description.egg-info/entry_points.txt
[0.976s] writing requirements to ../build/robotic_description/robotic_description.egg-info/requires.txt
[0.976s] writing top-level names to ../build/robotic_description/robotic_description.egg-info/top_level.txt
[0.976s] writing manifest file '../build/robotic_description/robotic_description.egg-info/SOURCES.txt'
[0.977s] reading manifest file '../build/robotic_description/robotic_description.egg-info/SOURCES.txt'
[0.979s] writing manifest file '../build/robotic_description/robotic_description.egg-info/SOURCES.txt'
[0.979s] running build
[0.979s] running build_py
[0.979s] creating /home/rocky/ros_robotic_arm_ws/src/build/robotic_description/build
[0.979s] creating /home/rocky/ros_robotic_arm_ws/src/build/robotic_description/build/lib
[0.979s] creating /home/rocky/ros_robotic_arm_ws/src/build/robotic_description/build/lib/robotic_description
[0.979s] copying robotic_description/__init__.py -> /home/rocky/ros_robotic_arm_ws/src/build/robotic_description/build/lib/robotic_description
[0.979s] running install
[0.980s] running install_lib
[0.980s] creating /home/rocky/ros_robotic_arm_ws/src/install/robotic_description/lib/python3.10/site-packages/robotic_description
[0.980s] copying /home/rocky/ros_robotic_arm_ws/src/build/robotic_description/build/lib/robotic_description/__init__.py -> /home/rocky/ros_robotic_arm_ws/src/install/robotic_description/lib/python3.10/site-packages/robotic_description
[0.981s] byte-compiling /home/rocky/ros_robotic_arm_ws/src/install/robotic_description/lib/python3.10/site-packages/robotic_description/__init__.py to __init__.cpython-310.pyc
[0.981s] running install_data
[0.981s] creating /home/rocky/ros_robotic_arm_ws/src/install/robotic_description/share/ament_index
[0.981s] creating /home/rocky/ros_robotic_arm_ws/src/install/robotic_description/share/ament_index/resource_index
[0.981s] creating /home/rocky/ros_robotic_arm_ws/src/install/robotic_description/share/ament_index/resource_index/packages
[0.981s] copying resource/robotic_description -> /home/rocky/ros_robotic_arm_ws/src/install/robotic_description/share/ament_index/resource_index/packages
[0.982s] copying package.xml -> /home/rocky/ros_robotic_arm_ws/src/install/robotic_description/share/robotic_description
[0.982s] creating /home/rocky/ros_robotic_arm_ws/src/install/robotic_description/share/robotic_description/launch
[0.982s] copying launch/gazebo.launch.py -> /home/rocky/ros_robotic_arm_ws/src/install/robotic_description/share/robotic_description/launch
[0.982s] copying launch/spawn.launch.py -> /home/rocky/ros_robotic_arm_ws/src/install/robotic_description/share/robotic_description/launch
[0.982s] copying launch/display.launch.py -> /home/rocky/ros_robotic_arm_ws/src/install/robotic_description/share/robotic_description/launch
[0.982s] creating /home/rocky/ros_robotic_arm_ws/src/install/robotic_description/share/robotic_description/urdf
[0.982s] copying urdf/robotic.trans -> /home/rocky/ros_robotic_arm_ws/src/install/robotic_description/share/robotic_description/urdf
[0.982s] copying urdf/robotic.xacro -> /home/rocky/ros_robotic_arm_ws/src/install/robotic_description/share/robotic_description/urdf
[0.982s] copying urdf/materials.xacro -> /home/rocky/ros_robotic_arm_ws/src/install/robotic_description/share/robotic_description/urdf
[0.982s] copying urdf/robotic.gazebo -> /home/rocky/ros_robotic_arm_ws/src/install/robotic_description/share/robotic_description/urdf
[0.983s] creating /home/rocky/ros_robotic_arm_ws/src/install/robotic_description/share/robotic_description/meshes
[0.983s] copying meshes/WRIST_ARM_v1_1.stl -> /home/rocky/ros_robotic_arm_ws/src/install/robotic_description/share/robotic_description/meshes
[0.987s] copying meshes/LOWER_ARM_1.stl -> /home/rocky/ros_robotic_arm_ws/src/install/robotic_description/share/robotic_description/meshes
[0.992s] copying meshes/finger_1_1.stl -> /home/rocky/ros_robotic_arm_ws/src/install/robotic_description/share/robotic_description/meshes
[0.993s] copying meshes/SHOULDER_1.stl -> /home/rocky/ros_robotic_arm_ws/src/install/robotic_description/share/robotic_description/meshes
[0.997s] copying meshes/WRIST_1.stl -> /home/rocky/ros_robotic_arm_ws/src/install/robotic_description/share/robotic_description/meshes
[0.998s] copying meshes/UPPER_ARM_1.stl -> /home/rocky/ros_robotic_arm_ws/src/install/robotic_description/share/robotic_description/meshes
[1.005s] copying meshes/finger_1_2.stl -> /home/rocky/ros_robotic_arm_ws/src/install/robotic_description/share/robotic_description/meshes
[1.005s] copying meshes/base_link.stl -> /home/rocky/ros_robotic_arm_ws/src/install/robotic_description/share/robotic_description/meshes
[1.010s] creating /home/rocky/ros_robotic_arm_ws/src/install/robotic_description/share/robotic_description/config
[1.011s] copying config/gazebo.rviz -> /home/rocky/ros_robotic_arm_ws/src/install/robotic_description/share/robotic_description/config
[1.011s] copying config/display.rviz -> /home/rocky/ros_robotic_arm_ws/src/install/robotic_description/share/robotic_description/config
[1.011s] copying config/ros_gz_bridge_gazebo.yaml -> /home/rocky/ros_robotic_arm_ws/src/install/robotic_description/share/robotic_description/config
[1.011s] running install_egg_info
[1.013s] Copying ../build/robotic_description/robotic_description.egg-info to /home/rocky/ros_robotic_arm_ws/src/install/robotic_description/lib/python3.10/site-packages/robotic_description-0.0.0-py3.10.egg-info
[1.013s] running install_scripts
[1.033s] writing list of installed files to '/home/rocky/ros_robotic_arm_ws/src/build/robotic_description/install.log'
[1.068s] Invoked command in '/home/rocky/ros_robotic_arm_ws/src/robotic_description' returned '0': PYTHONPATH=/home/rocky/ros_robotic_arm_ws/src/build/robotic_description/prefix_override:/usr/lib/python3/dist-packages/colcon_core/task/python/colcon_distutils_commands:/home/rocky/ros_robotic_arm_ws/src/install/robotic_description/lib/python3.10/site-packages:${PYTHONPATH} /usr/bin/python3 -W ignore:setup.py install is deprecated -W ignore:easy_install command is deprecated setup.py egg_info --egg-base ../build/robotic_description build --build-base /home/rocky/ros_robotic_arm_ws/src/build/robotic_description/build install --record /home/rocky/ros_robotic_arm_ws/src/build/robotic_description/install.log --single-version-externally-managed install_data
