[0.092s] DEBUG:colcon:Command line arguments: ['/usr/bin/colcon', 'build']
[0.092s] DEBUG:colcon:Parsed command line arguments: Namespace(log_base=None, log_level=None, verb_name='build', build_base='build', install_base='install', merge_install=False, symlink_install=False, test_result_base=None, continue_on_error=False, executor='parallel', parallel_workers=16, event_handlers=None, ignore_user_meta=False, metas=['./colcon.meta'], base_paths=['.'], packages_ignore=None, packages_ignore_regex=None, paths=None, packages_up_to=None, packages_up_to_regex=None, packages_above=None, packages_above_and_dependencies=None, packages_above_depth=None, packages_select_by_dep=None, packages_skip_by_dep=None, packages_skip_up_to=None, packages_select_build_failed=False, packages_skip_build_finished=False, packages_select_test_failures=False, packages_skip_test_passed=False, packages_select=None, packages_skip=None, packages_select_regex=None, packages_skip_regex=None, packages_start=None, packages_end=None, allow_overriding=[], cmake_args=None, cmake_target=None, cmake_target_skip_unavailable=False, cmake_clean_cache=False, cmake_clean_first=False, cmake_force_configure=False, ament_cmake_args=None, catkin_cmake_args=None, catkin_skip_building_tests=False, mixin_files=None, mixin=None, verb_parser=<colcon_mixin.mixin.mixin_argument.MixinArgumentDecorator object at 0x763689104190>, verb_extension=<colcon_core.verb.build.BuildVerb object at 0x7636890d3ca0>, main=<bound method BuildVerb.main of <colcon_core.verb.build.BuildVerb object at 0x7636890d3ca0>>, mixin_verb=('build',))
[0.231s] Level 1:colcon.colcon_core.package_discovery:discover_packages(colcon_meta) check parameters
[0.231s] Level 1:colcon.colcon_core.package_discovery:discover_packages(recursive) check parameters
[0.231s] Level 1:colcon.colcon_core.package_discovery:discover_packages(ignore) check parameters
[0.231s] Level 1:colcon.colcon_core.package_discovery:discover_packages(path) check parameters
[0.231s] Level 1:colcon.colcon_core.package_discovery:discover_packages(colcon_meta) discover
[0.231s] Level 1:colcon.colcon_core.package_discovery:discover_packages(recursive) discover
[0.231s] INFO:colcon.colcon_core.package_discovery:Crawling recursively for packages in '/home/rocky/ros_robotic_arm_ws/src'
[0.231s] Level 1:colcon.colcon_core.package_identification:_identify(.) by extensions ['ignore', 'ignore_ament_install']
[0.231s] Level 1:colcon.colcon_core.package_identification:_identify(.) by extension 'ignore'
[0.231s] Level 1:colcon.colcon_core.package_identification:_identify(.) by extension 'ignore_ament_install'
[0.231s] Level 1:colcon.colcon_core.package_identification:_identify(.) by extensions ['colcon_pkg']
[0.231s] Level 1:colcon.colcon_core.package_identification:_identify(.) by extension 'colcon_pkg'
[0.231s] Level 1:colcon.colcon_core.package_identification:_identify(.) by extensions ['colcon_meta']
[0.231s] Level 1:colcon.colcon_core.package_identification:_identify(.) by extension 'colcon_meta'
[0.231s] Level 1:colcon.colcon_core.package_identification:_identify(.) by extensions ['ros']
[0.231s] Level 1:colcon.colcon_core.package_identification:_identify(.) by extension 'ros'
[0.240s] Level 1:colcon.colcon_core.package_identification:_identify(.) by extensions ['cmake', 'python']
[0.240s] Level 1:colcon.colcon_core.package_identification:_identify(.) by extension 'cmake'
[0.240s] Level 1:colcon.colcon_core.package_identification:_identify(.) by extension 'python'
[0.240s] Level 1:colcon.colcon_core.package_identification:_identify(.) by extensions ['python_setup_py']
[0.240s] Level 1:colcon.colcon_core.package_identification:_identify(.) by extension 'python_setup_py'
[0.240s] Level 1:colcon.colcon_core.package_identification:_identify(build) by extensions ['ignore', 'ignore_ament_install']
[0.240s] Level 1:colcon.colcon_core.package_identification:_identify(build) by extension 'ignore'
[0.240s] Level 1:colcon.colcon_core.package_identification:_identify(build) ignored
[0.240s] Level 1:colcon.colcon_core.package_identification:_identify(install) by extensions ['ignore', 'ignore_ament_install']
[0.240s] Level 1:colcon.colcon_core.package_identification:_identify(install) by extension 'ignore'
[0.240s] Level 1:colcon.colcon_core.package_identification:_identify(install) ignored
[0.240s] Level 1:colcon.colcon_core.package_identification:_identify(log) by extensions ['ignore', 'ignore_ament_install']
[0.240s] Level 1:colcon.colcon_core.package_identification:_identify(log) by extension 'ignore'
[0.240s] Level 1:colcon.colcon_core.package_identification:_identify(log) ignored
[0.241s] Level 1:colcon.colcon_core.package_identification:_identify(robotic_arm) by extensions ['ignore', 'ignore_ament_install']
[0.241s] Level 1:colcon.colcon_core.package_identification:_identify(robotic_arm) by extension 'ignore'
[0.241s] Level 1:colcon.colcon_core.package_identification:_identify(robotic_arm) by extension 'ignore_ament_install'
[0.241s] Level 1:colcon.colcon_core.package_identification:_identify(robotic_arm) by extensions ['colcon_pkg']
[0.241s] Level 1:colcon.colcon_core.package_identification:_identify(robotic_arm) by extension 'colcon_pkg'
[0.241s] Level 1:colcon.colcon_core.package_identification:_identify(robotic_arm) by extensions ['colcon_meta']
[0.241s] Level 1:colcon.colcon_core.package_identification:_identify(robotic_arm) by extension 'colcon_meta'
[0.241s] Level 1:colcon.colcon_core.package_identification:_identify(robotic_arm) by extensions ['ros']
[0.241s] Level 1:colcon.colcon_core.package_identification:_identify(robotic_arm) by extension 'ros'
[0.243s] DEBUG:colcon.colcon_core.package_identification:Package 'robotic_arm' with type 'ros.ament_python' and name 'robotic_arm'
[0.243s] Level 1:colcon.colcon_core.package_identification:_identify(robotic_description) by extensions ['ignore', 'ignore_ament_install']
[0.243s] Level 1:colcon.colcon_core.package_identification:_identify(robotic_description) by extension 'ignore'
[0.243s] Level 1:colcon.colcon_core.package_identification:_identify(robotic_description) by extension 'ignore_ament_install'
[0.243s] Level 1:colcon.colcon_core.package_identification:_identify(robotic_description) by extensions ['colcon_pkg']
[0.243s] Level 1:colcon.colcon_core.package_identification:_identify(robotic_description) by extension 'colcon_pkg'
[0.243s] Level 1:colcon.colcon_core.package_identification:_identify(robotic_description) by extensions ['colcon_meta']
[0.243s] Level 1:colcon.colcon_core.package_identification:_identify(robotic_description) by extension 'colcon_meta'
[0.243s] Level 1:colcon.colcon_core.package_identification:_identify(robotic_description) by extensions ['ros']
[0.243s] Level 1:colcon.colcon_core.package_identification:_identify(robotic_description) by extension 'ros'
[0.244s] DEBUG:colcon.colcon_core.package_identification:Package 'robotic_description' with type 'ros.ament_python' and name 'robotic_description'
[0.244s] Level 1:colcon.colcon_core.package_discovery:discover_packages(recursive) using defaults
[0.244s] Level 1:colcon.colcon_core.package_discovery:discover_packages(ignore) discover
[0.244s] Level 1:colcon.colcon_core.package_discovery:discover_packages(ignore) using defaults
[0.244s] Level 1:colcon.colcon_core.package_discovery:discover_packages(path) discover
[0.244s] Level 1:colcon.colcon_core.package_discovery:discover_packages(path) using defaults
[0.273s] Level 1:colcon.colcon_core.package_discovery:discover_packages(prefix_path) check parameters
[0.273s] Level 1:colcon.colcon_core.package_discovery:discover_packages(prefix_path) discover
[0.275s] DEBUG:colcon.colcon_installed_package_information.package_discovery:Found 2 installed packages in /home/rocky/ros_robotic_arm_ws/install
[0.275s] DEBUG:colcon.colcon_installed_package_information.package_discovery:Found 15 installed packages in /home/rocky/ros2_ws/install
[0.277s] DEBUG:colcon.colcon_installed_package_information.package_discovery:Found 281 installed packages in /opt/ros/humble
[0.278s] Level 1:colcon.colcon_core.package_discovery:discover_packages(prefix_path) using defaults
[0.308s] Level 5:colcon.colcon_core.verb:set package 'robotic_arm' build argument 'cmake_args' from command line to 'None'
[0.308s] Level 5:colcon.colcon_core.verb:set package 'robotic_arm' build argument 'cmake_target' from command line to 'None'
[0.308s] Level 5:colcon.colcon_core.verb:set package 'robotic_arm' build argument 'cmake_target_skip_unavailable' from command line to 'False'
[0.308s] Level 5:colcon.colcon_core.verb:set package 'robotic_arm' build argument 'cmake_clean_cache' from command line to 'False'
[0.308s] Level 5:colcon.colcon_core.verb:set package 'robotic_arm' build argument 'cmake_clean_first' from command line to 'False'
[0.308s] Level 5:colcon.colcon_core.verb:set package 'robotic_arm' build argument 'cmake_force_configure' from command line to 'False'
[0.308s] Level 5:colcon.colcon_core.verb:set package 'robotic_arm' build argument 'ament_cmake_args' from command line to 'None'
[0.308s] Level 5:colcon.colcon_core.verb:set package 'robotic_arm' build argument 'catkin_cmake_args' from command line to 'None'
[0.309s] Level 5:colcon.colcon_core.verb:set package 'robotic_arm' build argument 'catkin_skip_building_tests' from command line to 'False'
[0.309s] DEBUG:colcon.colcon_core.verb:Building package 'robotic_arm' with the following arguments: {'ament_cmake_args': None, 'build_base': '/home/rocky/ros_robotic_arm_ws/src/build/robotic_arm', 'catkin_cmake_args': None, 'catkin_skip_building_tests': False, 'cmake_args': None, 'cmake_clean_cache': False, 'cmake_clean_first': False, 'cmake_force_configure': False, 'cmake_target': None, 'cmake_target_skip_unavailable': False, 'install_base': '/home/rocky/ros_robotic_arm_ws/src/install/robotic_arm', 'merge_install': False, 'path': '/home/rocky/ros_robotic_arm_ws/src/robotic_arm', 'symlink_install': False, 'test_result_base': None}
[0.309s] Level 5:colcon.colcon_core.verb:set package 'robotic_description' build argument 'cmake_args' from command line to 'None'
[0.309s] Level 5:colcon.colcon_core.verb:set package 'robotic_description' build argument 'cmake_target' from command line to 'None'
[0.309s] Level 5:colcon.colcon_core.verb:set package 'robotic_description' build argument 'cmake_target_skip_unavailable' from command line to 'False'
[0.309s] Level 5:colcon.colcon_core.verb:set package 'robotic_description' build argument 'cmake_clean_cache' from command line to 'False'
[0.309s] Level 5:colcon.colcon_core.verb:set package 'robotic_description' build argument 'cmake_clean_first' from command line to 'False'
[0.309s] Level 5:colcon.colcon_core.verb:set package 'robotic_description' build argument 'cmake_force_configure' from command line to 'False'
[0.309s] Level 5:colcon.colcon_core.verb:set package 'robotic_description' build argument 'ament_cmake_args' from command line to 'None'
[0.309s] Level 5:colcon.colcon_core.verb:set package 'robotic_description' build argument 'catkin_cmake_args' from command line to 'None'
[0.309s] Level 5:colcon.colcon_core.verb:set package 'robotic_description' build argument 'catkin_skip_building_tests' from command line to 'False'
[0.309s] DEBUG:colcon.colcon_core.verb:Building package 'robotic_description' with the following arguments: {'ament_cmake_args': None, 'build_base': '/home/rocky/ros_robotic_arm_ws/src/build/robotic_description', 'catkin_cmake_args': None, 'catkin_skip_building_tests': False, 'cmake_args': None, 'cmake_clean_cache': False, 'cmake_clean_first': False, 'cmake_force_configure': False, 'cmake_target': None, 'cmake_target_skip_unavailable': False, 'install_base': '/home/rocky/ros_robotic_arm_ws/src/install/robotic_description', 'merge_install': False, 'path': '/home/rocky/ros_robotic_arm_ws/src/robotic_description', 'symlink_install': False, 'test_result_base': None}
[0.309s] INFO:colcon.colcon_core.executor:Executing jobs using 'parallel' executor
[0.310s] DEBUG:colcon.colcon_parallel_executor.executor.parallel:run_until_complete
[0.310s] INFO:colcon.colcon_ros.task.ament_python.build:Building ROS package in '/home/rocky/ros_robotic_arm_ws/src/robotic_arm' with build type 'ament_python'
[0.310s] Level 1:colcon.colcon_core.shell:create_environment_hook('robotic_arm', 'ament_prefix_path')
[0.312s] INFO:colcon.colcon_core.plugin_system:Skipping extension 'colcon_core.shell.bat': Not used on non-Windows systems
[0.312s] INFO:colcon.colcon_core.shell:Creating environment hook '/home/rocky/ros_robotic_arm_ws/src/install/robotic_arm/share/robotic_arm/hook/ament_prefix_path.ps1'
[0.313s] INFO:colcon.colcon_core.shell:Creating environment descriptor '/home/rocky/ros_robotic_arm_ws/src/install/robotic_arm/share/robotic_arm/hook/ament_prefix_path.dsv'
[0.313s] INFO:colcon.colcon_core.shell:Creating environment hook '/home/rocky/ros_robotic_arm_ws/src/install/robotic_arm/share/robotic_arm/hook/ament_prefix_path.sh'
[0.314s] INFO:colcon.colcon_core.shell:Skip shell extension 'powershell' for command environment: Not usable outside of PowerShell
[0.314s] DEBUG:colcon.colcon_core.shell:Skip shell extension 'dsv' for command environment
[0.318s] INFO:colcon.colcon_ros.task.ament_python.build:Building ROS package in '/home/rocky/ros_robotic_arm_ws/src/robotic_description' with build type 'ament_python'
[0.318s] Level 1:colcon.colcon_core.shell:create_environment_hook('robotic_description', 'ament_prefix_path')
[0.318s] INFO:colcon.colcon_core.shell:Creating environment hook '/home/rocky/ros_robotic_arm_ws/src/install/robotic_description/share/robotic_description/hook/ament_prefix_path.ps1'
[0.319s] INFO:colcon.colcon_core.shell:Creating environment descriptor '/home/rocky/ros_robotic_arm_ws/src/install/robotic_description/share/robotic_description/hook/ament_prefix_path.dsv'
[0.319s] INFO:colcon.colcon_core.shell:Creating environment hook '/home/rocky/ros_robotic_arm_ws/src/install/robotic_description/share/robotic_description/hook/ament_prefix_path.sh'
[0.320s] INFO:colcon.colcon_core.shell:Skip shell extension 'powershell' for command environment: Not usable outside of PowerShell
[0.320s] DEBUG:colcon.colcon_core.shell:Skip shell extension 'dsv' for command environment
[0.549s] INFO:colcon.colcon_core.task.python.build:Building Python package in '/home/rocky/ros_robotic_arm_ws/src/robotic_arm'
[0.550s] INFO:colcon.colcon_core.shell:Skip shell extension 'powershell' for command environment: Not usable outside of PowerShell
[0.550s] DEBUG:colcon.colcon_core.shell:Skip shell extension 'dsv' for command environment
[0.781s] INFO:colcon.colcon_core.task.python.build:Building Python package in '/home/rocky/ros_robotic_arm_ws/src/robotic_description'
[0.782s] INFO:colcon.colcon_core.shell:Skip shell extension 'powershell' for command environment: Not usable outside of PowerShell
[0.782s] DEBUG:colcon.colcon_core.shell:Skip shell extension 'dsv' for command environment
[1.081s] DEBUG:colcon.colcon_core.event_handler.log_command:Invoking command in '/home/rocky/ros_robotic_arm_ws/src/robotic_arm': PYTHONPATH=/home/rocky/ros_robotic_arm_ws/src/build/robotic_arm/prefix_override:/usr/lib/python3/dist-packages/colcon_core/task/python/colcon_distutils_commands:/home/rocky/ros_robotic_arm_ws/src/install/robotic_arm/lib/python3.10/site-packages:${PYTHONPATH} /usr/bin/python3 -W ignore:setup.py install is deprecated -W ignore:easy_install command is deprecated setup.py egg_info --egg-base ../build/robotic_arm build --build-base /home/rocky/ros_robotic_arm_ws/src/build/robotic_arm/build install --record /home/rocky/ros_robotic_arm_ws/src/build/robotic_arm/install.log --single-version-externally-managed install_data
[1.088s] DEBUG:colcon.colcon_core.event_handler.log_command:Invoking command in '/home/rocky/ros_robotic_arm_ws/src/robotic_description': PYTHONPATH=/home/rocky/ros_robotic_arm_ws/src/build/robotic_description/prefix_override:/usr/lib/python3/dist-packages/colcon_core/task/python/colcon_distutils_commands:/home/rocky/ros_robotic_arm_ws/src/install/robotic_description/lib/python3.10/site-packages:${PYTHONPATH} /usr/bin/python3 -W ignore:setup.py install is deprecated -W ignore:easy_install command is deprecated setup.py egg_info --egg-base ../build/robotic_description build --build-base /home/rocky/ros_robotic_arm_ws/src/build/robotic_description/build install --record /home/rocky/ros_robotic_arm_ws/src/build/robotic_description/install.log --single-version-externally-managed install_data
[1.353s] DEBUG:colcon.colcon_core.event_handler.log_command:Invoked command in '/home/rocky/ros_robotic_arm_ws/src/robotic_arm' returned '0': PYTHONPATH=/home/rocky/ros_robotic_arm_ws/src/build/robotic_arm/prefix_override:/usr/lib/python3/dist-packages/colcon_core/task/python/colcon_distutils_commands:/home/rocky/ros_robotic_arm_ws/src/install/robotic_arm/lib/python3.10/site-packages:${PYTHONPATH} /usr/bin/python3 -W ignore:setup.py install is deprecated -W ignore:easy_install command is deprecated setup.py egg_info --egg-base ../build/robotic_arm build --build-base /home/rocky/ros_robotic_arm_ws/src/build/robotic_arm/build install --record /home/rocky/ros_robotic_arm_ws/src/build/robotic_arm/install.log --single-version-externally-managed install_data
[1.358s] Level 1:colcon.colcon_core.environment:checking '/home/rocky/ros_robotic_arm_ws/src/install/robotic_arm' for CMake module files
[1.358s] Level 1:colcon.colcon_core.environment:checking '/home/rocky/ros_robotic_arm_ws/src/install/robotic_arm' for CMake config files
[1.359s] Level 1:colcon.colcon_core.environment:checking '/home/rocky/ros_robotic_arm_ws/src/install/robotic_arm/lib'
[1.359s] Level 1:colcon.colcon_core.environment:checking '/home/rocky/ros_robotic_arm_ws/src/install/robotic_arm/bin'
[1.359s] Level 1:colcon.colcon_core.environment:checking '/home/rocky/ros_robotic_arm_ws/src/install/robotic_arm/lib/pkgconfig/robotic_arm.pc'
[1.359s] Level 1:colcon.colcon_core.environment:checking '/home/rocky/ros_robotic_arm_ws/src/install/robotic_arm/lib/python3.10/site-packages'
[1.359s] Level 1:colcon.colcon_core.shell:create_environment_hook('robotic_arm', 'pythonpath')
[1.359s] INFO:colcon.colcon_core.shell:Creating environment hook '/home/rocky/ros_robotic_arm_ws/src/install/robotic_arm/share/robotic_arm/hook/pythonpath.ps1'
[1.360s] INFO:colcon.colcon_core.shell:Creating environment descriptor '/home/rocky/ros_robotic_arm_ws/src/install/robotic_arm/share/robotic_arm/hook/pythonpath.dsv'
[1.360s] INFO:colcon.colcon_core.shell:Creating environment hook '/home/rocky/ros_robotic_arm_ws/src/install/robotic_arm/share/robotic_arm/hook/pythonpath.sh'
[1.361s] Level 1:colcon.colcon_core.environment:checking '/home/rocky/ros_robotic_arm_ws/src/install/robotic_arm/bin'
[1.361s] Level 1:colcon.colcon_core.environment:create_environment_scripts_only(robotic_arm)
[1.361s] INFO:colcon.colcon_core.shell:Creating package script '/home/rocky/ros_robotic_arm_ws/src/install/robotic_arm/share/robotic_arm/package.ps1'
[1.362s] INFO:colcon.colcon_core.shell:Creating package descriptor '/home/rocky/ros_robotic_arm_ws/src/install/robotic_arm/share/robotic_arm/package.dsv'
[1.363s] INFO:colcon.colcon_core.shell:Creating package script '/home/rocky/ros_robotic_arm_ws/src/install/robotic_arm/share/robotic_arm/package.sh'
[1.363s] INFO:colcon.colcon_core.shell:Creating package script '/home/rocky/ros_robotic_arm_ws/src/install/robotic_arm/share/robotic_arm/package.bash'
[1.364s] INFO:colcon.colcon_core.shell:Creating package script '/home/rocky/ros_robotic_arm_ws/src/install/robotic_arm/share/robotic_arm/package.zsh'
[1.365s] Level 1:colcon.colcon_core.environment:create_file_with_runtime_dependencies(/home/rocky/ros_robotic_arm_ws/src/install/robotic_arm/share/colcon-core/packages/robotic_arm)
[1.386s] Level 1:colcon.colcon_core.environment:checking '/home/rocky/ros_robotic_arm_ws/src/install/robotic_description' for CMake module files
[1.386s] DEBUG:colcon.colcon_core.event_handler.log_command:Invoked command in '/home/rocky/ros_robotic_arm_ws/src/robotic_description' returned '0': PYTHONPATH=/home/rocky/ros_robotic_arm_ws/src/build/robotic_description/prefix_override:/usr/lib/python3/dist-packages/colcon_core/task/python/colcon_distutils_commands:/home/rocky/ros_robotic_arm_ws/src/install/robotic_description/lib/python3.10/site-packages:${PYTHONPATH} /usr/bin/python3 -W ignore:setup.py install is deprecated -W ignore:easy_install command is deprecated setup.py egg_info --egg-base ../build/robotic_description build --build-base /home/rocky/ros_robotic_arm_ws/src/build/robotic_description/build install --record /home/rocky/ros_robotic_arm_ws/src/build/robotic_description/install.log --single-version-externally-managed install_data
[1.387s] Level 1:colcon.colcon_core.environment:checking '/home/rocky/ros_robotic_arm_ws/src/install/robotic_description' for CMake config files
[1.387s] Level 1:colcon.colcon_core.environment:checking '/home/rocky/ros_robotic_arm_ws/src/install/robotic_description/lib'
[1.387s] Level 1:colcon.colcon_core.environment:checking '/home/rocky/ros_robotic_arm_ws/src/install/robotic_description/bin'
[1.387s] Level 1:colcon.colcon_core.environment:checking '/home/rocky/ros_robotic_arm_ws/src/install/robotic_description/lib/pkgconfig/robotic_description.pc'
[1.388s] Level 1:colcon.colcon_core.environment:checking '/home/rocky/ros_robotic_arm_ws/src/install/robotic_description/lib/python3.10/site-packages'
[1.388s] Level 1:colcon.colcon_core.shell:create_environment_hook('robotic_description', 'pythonpath')
[1.388s] INFO:colcon.colcon_core.shell:Creating environment hook '/home/rocky/ros_robotic_arm_ws/src/install/robotic_description/share/robotic_description/hook/pythonpath.ps1'
[1.388s] INFO:colcon.colcon_core.shell:Creating environment descriptor '/home/rocky/ros_robotic_arm_ws/src/install/robotic_description/share/robotic_description/hook/pythonpath.dsv'
[1.388s] INFO:colcon.colcon_core.shell:Creating environment hook '/home/rocky/ros_robotic_arm_ws/src/install/robotic_description/share/robotic_description/hook/pythonpath.sh'
[1.389s] Level 1:colcon.colcon_core.environment:checking '/home/rocky/ros_robotic_arm_ws/src/install/robotic_description/bin'
[1.389s] Level 1:colcon.colcon_core.environment:create_environment_scripts_only(robotic_description)
[1.389s] INFO:colcon.colcon_core.shell:Creating package script '/home/rocky/ros_robotic_arm_ws/src/install/robotic_description/share/robotic_description/package.ps1'
[1.390s] INFO:colcon.colcon_core.shell:Creating package descriptor '/home/rocky/ros_robotic_arm_ws/src/install/robotic_description/share/robotic_description/package.dsv'
[1.390s] INFO:colcon.colcon_core.shell:Creating package script '/home/rocky/ros_robotic_arm_ws/src/install/robotic_description/share/robotic_description/package.sh'
[1.390s] INFO:colcon.colcon_core.shell:Creating package script '/home/rocky/ros_robotic_arm_ws/src/install/robotic_description/share/robotic_description/package.bash'
[1.390s] INFO:colcon.colcon_core.shell:Creating package script '/home/rocky/ros_robotic_arm_ws/src/install/robotic_description/share/robotic_description/package.zsh'
[1.391s] Level 1:colcon.colcon_core.environment:create_file_with_runtime_dependencies(/home/rocky/ros_robotic_arm_ws/src/install/robotic_description/share/colcon-core/packages/robotic_description)
[1.391s] DEBUG:colcon.colcon_parallel_executor.executor.parallel:closing loop
[1.391s] DEBUG:colcon.colcon_parallel_executor.executor.parallel:loop closed
[1.392s] DEBUG:colcon.colcon_parallel_executor.executor.parallel:run_until_complete finished with '0'
[1.392s] DEBUG:colcon.colcon_core.event_reactor:joining thread
[1.397s] INFO:colcon.colcon_core.plugin_system:Skipping extension 'colcon_notification.desktop_notification.terminal_notifier': Not used on non-Darwin systems
[1.397s] INFO:colcon.colcon_core.plugin_system:Skipping extension 'colcon_notification.desktop_notification.win32': Not used on non-Windows systems
[1.397s] INFO:colcon.colcon_notification.desktop_notification:Sending desktop notification using 'notify2'
[1.408s] DEBUG:colcon.colcon_core.event_reactor:joined thread
[1.408s] INFO:colcon.colcon_core.shell:Creating prefix script '/home/rocky/ros_robotic_arm_ws/src/install/local_setup.ps1'
[1.409s] INFO:colcon.colcon_core.shell:Creating prefix util module '/home/rocky/ros_robotic_arm_ws/src/install/_local_setup_util_ps1.py'
[1.411s] INFO:colcon.colcon_core.shell:Creating prefix chain script '/home/rocky/ros_robotic_arm_ws/src/install/setup.ps1'
[1.412s] INFO:colcon.colcon_core.shell:Creating prefix script '/home/rocky/ros_robotic_arm_ws/src/install/local_setup.sh'
[1.413s] INFO:colcon.colcon_core.shell:Creating prefix util module '/home/rocky/ros_robotic_arm_ws/src/install/_local_setup_util_sh.py'
[1.413s] INFO:colcon.colcon_core.shell:Creating prefix chain script '/home/rocky/ros_robotic_arm_ws/src/install/setup.sh'
[1.415s] INFO:colcon.colcon_core.shell:Creating prefix script '/home/rocky/ros_robotic_arm_ws/src/install/local_setup.bash'
[1.415s] INFO:colcon.colcon_core.shell:Creating prefix chain script '/home/rocky/ros_robotic_arm_ws/src/install/setup.bash'
[1.417s] INFO:colcon.colcon_core.shell:Creating prefix script '/home/rocky/ros_robotic_arm_ws/src/install/local_setup.zsh'
[1.418s] INFO:colcon.colcon_core.shell:Creating prefix chain script '/home/rocky/ros_robotic_arm_ws/src/install/setup.zsh'
